// Vitest Snapshot v1, https://vitest.dev/guide/snapshot.html

exports[`ShopCard Component > ShopCard 1`] = `<div />`;

exports[`ShopCard Component > renders ShopCard 1`] = `
<div>
  <nav
    class="navbar navbar-dark bg-dark fixed-top"
  >
    <div
      class="container-fluid"
    >
      <a
        class="navbar-brand"
        href="/shoppage"
      >
        Shop Page
      </a>
      <button
        aria-controls="offcanvasDarkNavbar"
        aria-label="Toggle navigation"
        class="navbar-toggler"
        data-bs-target="#offcanvasDarkNavbar"
        data-bs-toggle="offcanvas"
        type="button"
      >
        <span
          class="navbar-toggler-icon"
        />
      </button>
      <div
        aria-labelledby="offcanvasDarkNavbarLabel"
        class="offcanvas offcanvas-end text-bg-dark"
        id="offcanvasDarkNavbar"
        tabindex="-1"
      >
        <div
          class="offcanvas-header"
        >
          <h5
            class="offcanvas-title"
            id="offcanvasDarkNavbarLabel"
          >
            Browse Shop
          </h5>
          <button
            aria-label="Close"
            class="btn-close btn-close-white"
            data-bs-dismiss="offcanvas"
            type="button"
          />
        </div>
        <div
          class="offcanvas-body"
        >
          <ul
            class="navbar-nav justify-content-end flex-grow-1 pe-3"
          >
            <li
              class="nav-item"
            >
              <a
                aria-current="page"
                class="nav-link"
                href="/homepage"
              >
                Homepage
                <svg
                  class="bi bi-house"
                  fill="currentColor"
                  height="16"
                  viewBox="0 0 16 16"
                  width="16"
                  xmlns="http://www.w3.org/2000/svg"
                >
                  <path
                    d="M8.707 1.5a1 1 0 0 0-1.414 0L.646 8.146a.5.5 0 0 0 .708.708L2 8.207V13.5A1.5 1.5 0 0 0 3.5 15h9a1.5 1.5 0 0 0 1.5-1.5V8.207l.646.647a.5.5 0 0 0 .708-.708L13 5.793V2.5a.5.5 0 0 0-.5-.5h-1a.5.5 0 0 0-.5.5v1.293zM13 7.207V13.5a.5.5 0 0 1-.5.5h-9a.5.5 0 0 1-.5-.5V7.207l5-5z"
                  />
                </svg>
              </a>
            </li>
            <li
              class="nav-item"
            >
              <a
                aria-current="page"
                class="nav-link"
                href="/shoppage"
              >
                Shop
                <svg
                  class="bi bi-bag"
                  fill="currentColor"
                  height="16"
                  viewBox="0 0 16 16"
                  width="16"
                  xmlns="http://www.w3.org/2000/svg"
                >
                  <path
                    d="M8 1a2.5 2.5 0 0 1 2.5 2.5V4h-5v-.5A2.5 2.5 0 0 1 8 1m3.5 3v-.5a3.5 3.5 0 1 0-7 0V4H1v10a2 2 0 0 0 2 2h10a2 2 0 0 0 2-2V4zM2 5h12v9a1 1 0 0 1-1 1H3a1 1 0 0 1-1-1z"
                  />
                </svg>
              </a>
            </li>
            <li
              class="nav-item"
            >
              <a
                aria-current="page"
                class="nav-link"
                href="/shopcart"
              >
                Cart
                <svg
                  class="bi bi-cart"
                  fill="currentColor"
                  height="16"
                  viewBox="0 0 16 16"
                  width="16"
                  xmlns="http://www.w3.org/2000/svg"
                >
                  <path
                    d="M0 1.5A.5.5 0 0 1 .5 1H2a.5.5 0 0 1 .485.379L2.89 3H14.5a.5.5 0 0 1 .491.592l-1.5 8A.5.5 0 0 1 13 12H4a.5.5 0 0 1-.491-.408L2.01 3.607 1.61 2H.5a.5.5 0 0 1-.5-.5M3.102 4l1.313 7h8.17l1.313-7zM5 12a2 2 0 1 0 0 4 2 2 0 0 0 0-4m7 0a2 2 0 1 0 0 4 2 2 0 0 0 0-4m-7 1a1 1 0 1 1 0 2 1 1 0 0 1 0-2m7 0a1 1 0 1 1 0 2 1 1 0 0 1 0-2"
                  />
                </svg>
              </a>
              <a
                aria-current="page"
                class="nav-link"
                href="/shopcart"
              >
                <div
                  id="cart-amount-nav-bar"
                >
                   items
                </div>
              </a>
            </li>
          </ul>
        </div>
      </div>
    </div>
  </nav>
  <div
    id="shop-style"
  >
    <h1>
      Shop
    </h1>
    <div
      id="shop-card-container"
    />
  </div>
</div>
`;
